2025-12-24 20:50:25,519 | INFO | Training started.
2025-12-24 20:50:46,609 | INFO | Game 1 | Score: 7 | Record: 7
2025-12-24 20:50:46,609 | INFO | Mean Score: 7.0
2025-12-24 20:50:50,336 | INFO | Game 2 | Score: 1 | Record: 7
2025-12-24 20:50:50,336 | INFO | Mean Score: 4.0
2025-12-24 20:50:56,908 | INFO | Game 3 | Score: 2 | Record: 7
2025-12-24 20:50:56,908 | INFO | Mean Score: 3.3333333333333335
2025-12-24 20:51:05,623 | INFO | Game 4 | Score: 0 | Record: 7
2025-12-24 20:51:05,623 | INFO | Mean Score: 2.5
2025-12-24 20:51:09,429 | INFO | Game 5 | Score: 0 | Record: 7
2025-12-24 20:51:09,429 | INFO | Mean Score: 2.0
2025-12-24 20:51:48,576 | INFO | Game 6 | Score: 9 | Record: 9
2025-12-24 20:51:48,577 | INFO | Mean Score: 3.1666666666666665
2025-12-24 20:53:36,124 | INFO | Game 7 | Score: 23 | Record: 23
2025-12-24 20:53:36,124 | INFO | Mean Score: 6.0
2025-12-24 20:53:39,424 | INFO | Game 8 | Score: 0 | Record: 23
2025-12-24 20:53:39,424 | INFO | Mean Score: 5.25
2025-12-24 20:54:28,307 | INFO | Game 9 | Score: 13 | Record: 23
2025-12-24 20:54:28,307 | INFO | Mean Score: 6.111111111111111
2025-12-24 20:54:34,517 | INFO | Game 10 | Score: 4 | Record: 23
2025-12-24 20:54:34,517 | INFO | Mean Score: 5.9
2025-12-24 20:54:42,956 | INFO | Game 11 | Score: 3 | Record: 23
2025-12-24 20:54:42,956 | INFO | Mean Score: 5.636363636363637
2025-12-24 20:55:02,092 | INFO | Game 12 | Score: 3 | Record: 23
2025-12-24 20:55:02,092 | INFO | Mean Score: 5.416666666666667
2025-12-24 20:55:05,350 | INFO | Game 13 | Score: 2 | Record: 23
2025-12-24 20:55:05,350 | INFO | Mean Score: 5.153846153846154
2025-12-24 20:55:21,526 | INFO | Game 14 | Score: 6 | Record: 23
2025-12-24 20:55:21,526 | INFO | Mean Score: 5.214285714285714
2025-12-24 20:55:32,316 | INFO | Game 15 | Score: 5 | Record: 23
2025-12-24 20:55:32,316 | INFO | Mean Score: 5.2
2025-12-24 20:56:00,988 | INFO | Game 16 | Score: 7 | Record: 23
2025-12-24 20:56:00,988 | INFO | Mean Score: 5.3125
2025-12-24 20:56:15,141 | INFO | Game 17 | Score: 4 | Record: 23
2025-12-24 20:56:15,141 | INFO | Mean Score: 5.235294117647059
2025-12-24 20:56:18,771 | INFO | Game 18 | Score: 1 | Record: 23
2025-12-24 20:56:18,771 | INFO | Mean Score: 5.0
2025-12-24 20:57:30,015 | INFO | Game 19 | Score: 14 | Record: 23
2025-12-24 20:57:30,015 | INFO | Mean Score: 5.473684210526316
2025-12-24 20:57:46,371 | INFO | Game 20 | Score: 5 | Record: 23
2025-12-24 20:57:46,372 | INFO | Mean Score: 5.45
2025-12-24 20:57:59,859 | INFO | Game 21 | Score: 4 | Record: 23
2025-12-24 20:57:59,859 | INFO | Mean Score: 5.380952380952381
2025-12-24 20:58:26,173 | INFO | Game 22 | Score: 14 | Record: 23
2025-12-24 20:58:26,173 | INFO | Mean Score: 5.7727272727272725
2025-12-24 20:58:42,895 | INFO | Game 23 | Score: 5 | Record: 23
2025-12-24 20:58:42,896 | INFO | Mean Score: 5.739130434782608
2025-12-24 20:58:51,664 | INFO | Game 24 | Score: 3 | Record: 23
2025-12-24 20:58:51,664 | INFO | Mean Score: 5.625
2025-12-24 21:00:53,048 | INFO | Game 25 | Score: 12 | Record: 23
2025-12-24 21:00:53,048 | INFO | Mean Score: 5.88
2025-12-24 21:01:41,679 | INFO | Game 26 | Score: 9 | Record: 23
2025-12-24 21:01:41,679 | INFO | Mean Score: 6.0
2025-12-24 21:02:07,930 | INFO | Game 27 | Score: 5 | Record: 23
2025-12-24 21:02:07,930 | INFO | Mean Score: 5.962962962962963
2025-12-24 21:02:34,710 | INFO | Game 28 | Score: 10 | Record: 23
2025-12-24 21:02:34,711 | INFO | Mean Score: 6.107142857142857
2025-12-24 21:02:45,877 | INFO | Game 29 | Score: 4 | Record: 23
2025-12-24 21:02:45,877 | INFO | Mean Score: 6.0344827586206895
2025-12-24 21:03:02,284 | INFO | Game 30 | Score: 3 | Record: 23
2025-12-24 21:03:02,285 | INFO | Mean Score: 5.933333333333334
2025-12-24 21:03:31,157 | INFO | Game 31 | Score: 8 | Record: 23
2025-12-24 21:03:31,157 | INFO | Mean Score: 6.0
2025-12-24 21:04:40,394 | INFO | Game 32 | Score: 11 | Record: 23
2025-12-24 21:04:40,395 | INFO | Mean Score: 6.15625
2025-12-24 21:04:43,649 | INFO | Game 33 | Score: 0 | Record: 23
2025-12-24 21:04:43,649 | INFO | Mean Score: 5.96969696969697
2025-12-24 21:05:35,052 | INFO | Game 34 | Score: 11 | Record: 23
2025-12-24 21:05:35,052 | INFO | Mean Score: 6.117647058823529
2025-12-24 21:05:41,245 | INFO | Game 35 | Score: 2 | Record: 23
2025-12-24 21:05:41,245 | INFO | Mean Score: 6.0
2025-12-24 21:06:07,582 | INFO | Game 36 | Score: 8 | Record: 23
2025-12-24 21:06:07,582 | INFO | Mean Score: 6.055555555555555
2025-12-24 21:06:43,922 | INFO | Game 37 | Score: 11 | Record: 23
2025-12-24 21:06:43,923 | INFO | Mean Score: 6.1891891891891895
2025-12-24 21:06:50,681 | INFO | Game 38 | Score: 2 | Record: 23
2025-12-24 21:06:50,681 | INFO | Mean Score: 6.078947368421052
2025-12-24 21:07:02,490 | INFO | Game 39 | Score: 5 | Record: 23
2025-12-24 21:07:02,490 | INFO | Mean Score: 6.051282051282051
2025-12-24 21:07:08,792 | INFO | Game 40 | Score: 2 | Record: 23
2025-12-24 21:07:08,792 | INFO | Mean Score: 5.95
2025-12-24 21:07:17,105 | INFO | Game 41 | Score: 0 | Record: 23
2025-12-24 21:07:17,105 | INFO | Mean Score: 5.804878048780488
2025-12-24 21:08:18,603 | INFO | Game 42 | Score: 15 | Record: 23
2025-12-24 21:08:18,603 | INFO | Mean Score: 6.023809523809524
2025-12-24 21:08:22,337 | INFO | Game 43 | Score: 3 | Record: 23
2025-12-24 21:08:22,337 | INFO | Mean Score: 5.953488372093023
2025-12-24 21:08:53,554 | INFO | Game 44 | Score: 8 | Record: 23
2025-12-24 21:08:53,554 | INFO | Mean Score: 6.0
2025-12-24 21:09:04,595 | INFO | Game 45 | Score: 0 | Record: 23
2025-12-24 21:09:04,595 | INFO | Mean Score: 5.866666666666666
2025-12-24 21:09:25,852 | INFO | Game 46 | Score: 9 | Record: 23
2025-12-24 21:09:25,852 | INFO | Mean Score: 5.934782608695652
2025-12-24 21:09:34,222 | INFO | Game 47 | Score: 3 | Record: 23
2025-12-24 21:09:34,222 | INFO | Mean Score: 5.872340425531915
2025-12-24 21:10:03,011 | INFO | Game 48 | Score: 7 | Record: 23
2025-12-24 21:10:03,011 | INFO | Mean Score: 5.895833333333333
2025-12-24 21:10:29,456 | INFO | Game 49 | Score: 4 | Record: 23
2025-12-24 21:10:29,457 | INFO | Mean Score: 5.857142857142857
2025-12-24 21:10:50,622 | INFO | Game 50 | Score: 7 | Record: 23
2025-12-24 21:10:50,622 | INFO | Mean Score: 5.88
2025-12-24 21:10:50,739 | INFO | ----- Last 50 Games Summary -----
2025-12-24 21:10:50,739 | INFO | Mean score: 5.88
2025-12-24 21:10:50,739 | INFO | Zero-score games: 6
2025-12-24 21:10:50,739 | INFO | Memory size: 30676
2025-12-24 21:10:50,739 | INFO | ---------------------------------
2025-12-24 21:10:59,214 | INFO | Game 51 | Score: 4 | Record: 23
2025-12-24 21:10:59,215 | INFO | Mean Score: 5.8431372549019605
2025-12-24 21:12:00,656 | INFO | Game 52 | Score: 13 | Record: 23
2025-12-24 21:12:00,656 | INFO | Mean Score: 5.980769230769231
2025-12-24 21:12:26,540 | INFO | Game 53 | Score: 5 | Record: 23
2025-12-24 21:12:26,540 | INFO | Mean Score: 5.962264150943396
2025-12-24 21:12:32,263 | INFO | Game 54 | Score: 1 | Record: 23
2025-12-24 21:12:32,263 | INFO | Mean Score: 5.87037037037037
2025-12-24 21:12:38,159 | INFO | Game 55 | Score: 2 | Record: 23
2025-12-24 21:12:38,159 | INFO | Mean Score: 5.8
2025-12-24 21:12:41,394 | INFO | Game 56 | Score: 0 | Record: 23
2025-12-24 21:12:41,394 | INFO | Mean Score: 5.696428571428571
2025-12-24 21:12:50,132 | INFO | Game 57 | Score: 2 | Record: 23
2025-12-24 21:12:50,132 | INFO | Mean Score: 5.631578947368421
2025-12-24 21:13:41,517 | INFO | Game 58 | Score: 9 | Record: 23
2025-12-24 21:13:41,517 | INFO | Mean Score: 5.689655172413793
2025-12-24 21:14:02,353 | INFO | Game 59 | Score: 9 | Record: 23
2025-12-24 21:14:02,354 | INFO | Mean Score: 5.745762711864407
2025-12-24 21:15:48,901 | INFO | Game 60 | Score: 8 | Record: 23
2025-12-24 21:15:48,901 | INFO | Mean Score: 5.783333333333333
2025-12-24 21:16:27,428 | INFO | Game 61 | Score: 12 | Record: 23
2025-12-24 21:16:27,428 | INFO | Mean Score: 5.885245901639344
2025-12-24 21:16:56,355 | INFO | Game 62 | Score: 8 | Record: 23
2025-12-24 21:16:56,355 | INFO | Mean Score: 5.919354838709677
2025-12-24 21:18:25,463 | INFO | Game 63 | Score: 15 | Record: 23
2025-12-24 21:18:25,463 | INFO | Mean Score: 6.063492063492063
2025-12-24 21:18:49,595 | INFO | Game 64 | Score: 7 | Record: 23
2025-12-24 21:18:49,595 | INFO | Mean Score: 6.078125
2025-12-24 21:20:11,213 | INFO | Game 65 | Score: 15 | Record: 23
2025-12-24 21:20:11,213 | INFO | Mean Score: 6.2153846153846155
2025-12-24 21:20:14,879 | INFO | Game 66 | Score: 0 | Record: 23
2025-12-24 21:20:14,879 | INFO | Mean Score: 6.121212121212121
2025-12-24 21:20:43,575 | INFO | Game 67 | Score: 10 | Record: 23
2025-12-24 21:20:43,575 | INFO | Mean Score: 6.17910447761194
2025-12-24 21:21:27,693 | INFO | Game 68 | Score: 12 | Record: 23
2025-12-24 21:21:27,693 | INFO | Mean Score: 6.264705882352941
2025-12-24 21:21:36,347 | INFO | Game 69 | Score: 4 | Record: 23
2025-12-24 21:21:36,348 | INFO | Mean Score: 6.231884057971015
2025-12-24 21:22:22,803 | INFO | Game 70 | Score: 13 | Record: 23
2025-12-24 21:22:22,803 | INFO | Mean Score: 6.328571428571428
2025-12-24 21:22:44,126 | INFO | Game 71 | Score: 6 | Record: 23
2025-12-24 21:22:44,126 | INFO | Mean Score: 6.323943661971831
2025-12-24 21:22:55,070 | INFO | Game 72 | Score: 5 | Record: 23
2025-12-24 21:22:55,070 | INFO | Mean Score: 6.305555555555555
2025-12-24 21:22:58,464 | INFO | Game 73 | Score: 0 | Record: 23
2025-12-24 21:22:58,464 | INFO | Mean Score: 6.219178082191781
2025-12-24 21:23:12,111 | INFO | Game 74 | Score: 7 | Record: 23
2025-12-24 21:23:12,112 | INFO | Mean Score: 6.22972972972973
2025-12-24 21:24:00,583 | INFO | Game 75 | Score: 9 | Record: 23
2025-12-24 21:24:00,583 | INFO | Mean Score: 6.266666666666667
2025-12-24 21:24:04,079 | INFO | Game 76 | Score: 1 | Record: 23
2025-12-24 21:24:04,079 | INFO | Mean Score: 6.197368421052632
2025-12-24 21:25:10,713 | INFO | Game 77 | Score: 12 | Record: 23
2025-12-24 21:25:10,713 | INFO | Mean Score: 6.2727272727272725
2025-12-24 21:25:17,062 | INFO | Game 78 | Score: 0 | Record: 23
2025-12-24 21:25:17,063 | INFO | Mean Score: 6.1923076923076925
2025-12-24 21:25:43,365 | INFO | Game 79 | Score: 6 | Record: 23
2025-12-24 21:25:43,365 | INFO | Mean Score: 6.189873417721519
2025-12-24 21:25:59,319 | INFO | Game 80 | Score: 5 | Record: 23
2025-12-24 21:25:59,319 | INFO | Mean Score: 6.175
2025-12-24 21:26:43,778 | INFO | Game 81 | Score: 9 | Record: 23
2025-12-24 21:26:43,778 | INFO | Mean Score: 6.209876543209877
2025-12-24 21:27:07,725 | INFO | Game 82 | Score: 4 | Record: 23
2025-12-24 21:27:07,725 | INFO | Mean Score: 6.182926829268292
2025-12-24 21:27:46,112 | INFO | Game 83 | Score: 10 | Record: 23
2025-12-24 21:27:46,112 | INFO | Mean Score: 6.228915662650603
2025-12-24 21:27:55,020 | INFO | Game 84 | Score: 4 | Record: 23
2025-12-24 21:27:55,020 | INFO | Mean Score: 6.2023809523809526
2025-12-24 21:28:18,775 | INFO | Game 85 | Score: 2 | Record: 23
2025-12-24 21:28:18,775 | INFO | Mean Score: 6.152941176470589
2025-12-24 21:28:24,846 | INFO | Game 86 | Score: 2 | Record: 23
2025-12-24 21:28:24,846 | INFO | Mean Score: 6.104651162790698
2025-12-24 21:29:43,805 | INFO | Game 87 | Score: 15 | Record: 23
2025-12-24 21:29:43,805 | INFO | Mean Score: 6.206896551724138
2025-12-24 21:30:57,628 | INFO | Game 88 | Score: 18 | Record: 23
2025-12-24 21:30:57,628 | INFO | Mean Score: 6.340909090909091
2025-12-24 21:31:01,211 | INFO | Game 89 | Score: 0 | Record: 23
2025-12-24 21:31:01,211 | INFO | Mean Score: 6.269662921348314
2025-12-24 21:31:14,431 | INFO | Game 90 | Score: 1 | Record: 23
2025-12-24 21:31:14,431 | INFO | Mean Score: 6.211111111111111
2025-12-24 21:31:23,436 | INFO | Game 91 | Score: 5 | Record: 23
2025-12-24 21:31:23,436 | INFO | Mean Score: 6.197802197802198
2025-12-24 21:31:29,343 | INFO | Game 92 | Score: 1 | Record: 23
2025-12-24 21:31:29,343 | INFO | Mean Score: 6.141304347826087
2025-12-24 21:32:03,390 | INFO | Game 93 | Score: 11 | Record: 23
2025-12-24 21:32:03,391 | INFO | Mean Score: 6.193548387096774
2025-12-24 21:33:32,198 | INFO | Game 94 | Score: 13 | Record: 23
2025-12-24 21:33:32,198 | INFO | Mean Score: 6.26595744680851
2025-12-24 21:33:38,081 | INFO | Game 95 | Score: 2 | Record: 23
2025-12-24 21:33:38,081 | INFO | Mean Score: 6.221052631578948
2025-12-24 21:33:59,205 | INFO | Game 96 | Score: 7 | Record: 23
2025-12-24 21:33:59,206 | INFO | Mean Score: 6.229166666666667
2025-12-24 21:35:30,928 | INFO | Game 97 | Score: 15 | Record: 23
2025-12-24 21:35:30,929 | INFO | Mean Score: 6.319587628865979
2025-12-24 21:36:02,104 | INFO | Game 98 | Score: 7 | Record: 23
2025-12-24 21:36:02,104 | INFO | Mean Score: 6.326530612244898
2025-12-24 21:36:08,212 | INFO | Game 99 | Score: 2 | Record: 23
2025-12-24 21:36:08,212 | INFO | Mean Score: 6.282828282828283
2025-12-24 21:36:19,314 | INFO | Game 100 | Score: 3 | Record: 23
2025-12-24 21:36:19,314 | INFO | Mean Score: 6.25
2025-12-24 21:36:19,424 | INFO | ----- Last 50 Games Summary -----
2025-12-24 21:36:19,424 | INFO | Mean score: 6.62
2025-12-24 21:36:19,424 | INFO | Zero-score games: 5
2025-12-24 21:36:19,424 | INFO | Memory size: 40000
2025-12-24 21:36:19,424 | INFO | ---------------------------------
2025-12-24 21:36:57,879 | INFO | Game 101 | Score: 9 | Record: 23
2025-12-24 21:36:57,879 | INFO | Mean Score: 6.2772277227722775
2025-12-24 21:37:26,307 | INFO | Game 102 | Score: 5 | Record: 23
2025-12-24 21:37:26,307 | INFO | Mean Score: 6.264705882352941
2025-12-24 21:38:07,238 | INFO | Game 103 | Score: 10 | Record: 23
2025-12-24 21:38:07,238 | INFO | Mean Score: 6.300970873786408
2025-12-24 21:38:10,971 | INFO | Game 104 | Score: 0 | Record: 23
2025-12-24 21:38:10,971 | INFO | Mean Score: 6.240384615384615
2025-12-24 21:38:19,660 | INFO | Game 105 | Score: 0 | Record: 23
2025-12-24 21:38:19,660 | INFO | Mean Score: 6.180952380952381
2025-12-24 21:39:23,846 | INFO | Game 106 | Score: 12 | Record: 23
2025-12-24 21:39:23,846 | INFO | Mean Score: 6.235849056603773
2025-12-24 21:39:27,205 | INFO | Game 107 | Score: 1 | Record: 23
2025-12-24 21:39:27,205 | INFO | Mean Score: 6.186915887850467
2025-12-24 21:39:35,973 | INFO | Game 108 | Score: 4 | Record: 23
2025-12-24 21:39:35,973 | INFO | Mean Score: 6.166666666666667
2025-12-24 21:39:46,961 | INFO | Game 109 | Score: 4 | Record: 23
2025-12-24 21:39:46,961 | INFO | Mean Score: 6.146788990825688
2025-12-24 21:39:52,906 | INFO | Game 110 | Score: 1 | Record: 23
2025-12-24 21:39:52,906 | INFO | Mean Score: 6.1
2025-12-24 21:40:01,545 | INFO | Game 111 | Score: 3 | Record: 23
2025-12-24 21:40:01,545 | INFO | Mean Score: 6.072072072072072
2025-12-24 21:41:10,282 | INFO | Game 112 | Score: 10 | Record: 23
2025-12-24 21:41:10,282 | INFO | Mean Score: 6.107142857142857
2025-12-24 21:41:16,093 | INFO | Game 113 | Score: 2 | Record: 23
2025-12-24 21:41:16,093 | INFO | Mean Score: 6.070796460176991
2025-12-24 21:41:39,541 | INFO | Game 114 | Score: 3 | Record: 23
2025-12-24 21:41:39,541 | INFO | Mean Score: 6.043859649122807
2025-12-24 21:41:58,291 | INFO | Game 115 | Score: 4 | Record: 23
2025-12-24 21:41:58,291 | INFO | Mean Score: 6.026086956521739
2025-12-24 21:42:24,202 | INFO | Game 116 | Score: 3 | Record: 23
2025-12-24 21:42:24,202 | INFO | Mean Score: 6.0
2025-12-24 21:43:38,263 | INFO | Game 117 | Score: 8 | Record: 23
2025-12-24 21:43:38,264 | INFO | Mean Score: 6.017094017094017
2025-12-24 21:43:44,005 | INFO | Game 118 | Score: 1 | Record: 23
2025-12-24 21:43:44,005 | INFO | Mean Score: 5.97457627118644
2025-12-24 21:44:40,482 | INFO | Game 119 | Score: 8 | Record: 23
2025-12-24 21:44:40,482 | INFO | Mean Score: 5.991596638655462
2025-12-24 21:45:04,010 | INFO | Game 120 | Score: 0 | Record: 23
2025-12-24 21:45:04,010 | INFO | Mean Score: 5.941666666666666
2025-12-24 21:47:38,753 | INFO | Game 121 | Score: 18 | Record: 23
2025-12-24 21:47:38,753 | INFO | Mean Score: 6.041322314049586
2025-12-24 21:49:43,331 | INFO | Game 122 | Score: 19 | Record: 23
2025-12-24 21:49:43,331 | INFO | Mean Score: 6.147540983606557
2025-12-24 21:50:32,331 | INFO | Game 123 | Score: 10 | Record: 23
2025-12-24 21:50:32,331 | INFO | Mean Score: 6.178861788617886
2025-12-24 21:51:16,542 | INFO | Game 124 | Score: 15 | Record: 23
2025-12-24 21:51:16,542 | INFO | Mean Score: 6.25
2025-12-24 21:51:25,412 | INFO | Game 125 | Score: 2 | Record: 23
2025-12-24 21:51:25,412 | INFO | Mean Score: 6.216
2025-12-24 21:52:19,420 | INFO | Game 126 | Score: 13 | Record: 23
2025-12-24 21:52:19,420 | INFO | Mean Score: 6.26984126984127
2025-12-24 21:52:33,188 | INFO | Game 127 | Score: 5 | Record: 23
2025-12-24 21:52:33,188 | INFO | Mean Score: 6.25984251968504
2025-12-24 21:54:27,840 | INFO | Game 128 | Score: 12 | Record: 23
2025-12-24 21:54:27,840 | INFO | Mean Score: 6.3046875
2025-12-24 21:54:31,411 | INFO | Game 129 | Score: 1 | Record: 23
2025-12-24 21:54:31,411 | INFO | Mean Score: 6.263565891472868
2025-12-24 21:55:12,867 | INFO | Game 130 | Score: 10 | Record: 23
2025-12-24 21:55:12,867 | INFO | Mean Score: 6.292307692307692
2025-12-24 21:55:26,167 | INFO | Game 131 | Score: 5 | Record: 23
2025-12-24 21:55:26,167 | INFO | Mean Score: 6.282442748091603
2025-12-24 21:55:29,383 | INFO | Game 132 | Score: 0 | Record: 23
2025-12-24 21:55:29,383 | INFO | Mean Score: 6.234848484848484
2025-12-24 21:55:40,221 | INFO | Game 133 | Score: 3 | Record: 23
2025-12-24 21:55:40,221 | INFO | Mean Score: 6.2105263157894735
2025-12-24 21:56:32,037 | INFO | Game 134 | Score: 10 | Record: 23
2025-12-24 21:56:32,037 | INFO | Mean Score: 6.2388059701492535
2025-12-24 21:57:05,821 | INFO | Game 135 | Score: 6 | Record: 23
2025-12-24 21:57:05,821 | INFO | Mean Score: 6.237037037037037
2025-12-24 21:58:35,398 | INFO | Game 136 | Score: 11 | Record: 23
2025-12-24 21:58:35,398 | INFO | Mean Score: 6.272058823529412
2025-12-24 21:58:39,198 | INFO | Game 137 | Score: 1 | Record: 23
2025-12-24 21:58:39,198 | INFO | Mean Score: 6.233576642335766
2025-12-24 21:59:13,011 | INFO | Game 138 | Score: 5 | Record: 23
2025-12-24 21:59:13,011 | INFO | Mean Score: 6.22463768115942
2025-12-24 21:59:44,374 | INFO | Game 139 | Score: 5 | Record: 23
2025-12-24 21:59:44,374 | INFO | Mean Score: 6.215827338129497
2025-12-24 22:00:15,461 | INFO | Game 140 | Score: 5 | Record: 23
2025-12-24 22:00:15,461 | INFO | Mean Score: 6.207142857142857
2025-12-24 22:00:24,504 | INFO | Game 141 | Score: 1 | Record: 23
2025-12-24 22:00:24,504 | INFO | Mean Score: 6.170212765957447
2025-12-24 22:01:58,683 | INFO | Game 142 | Score: 15 | Record: 23
2025-12-24 22:01:58,683 | INFO | Mean Score: 6.232394366197183
2025-12-24 22:03:02,902 | INFO | Game 143 | Score: 8 | Record: 23
2025-12-24 22:03:02,902 | INFO | Mean Score: 6.244755244755245
2025-12-24 22:03:34,025 | INFO | Game 144 | Score: 8 | Record: 23
2025-12-24 22:03:34,025 | INFO | Mean Score: 6.256944444444445
2025-12-24 22:03:38,171 | INFO | Game 145 | Score: 2 | Record: 23
2025-12-24 22:03:38,172 | INFO | Mean Score: 6.227586206896552
2025-12-24 22:06:40,523 | INFO | Game 146 | Score: 15 | Record: 23
2025-12-24 22:06:40,524 | INFO | Mean Score: 6.287671232876712
2025-12-24 22:09:04,986 | INFO | Game 147 | Score: 13 | Record: 23
2025-12-24 22:09:04,986 | INFO | Mean Score: 6.333333333333333
2025-12-24 22:09:10,904 | INFO | Game 148 | Score: 0 | Record: 23
2025-12-24 22:09:10,904 | INFO | Mean Score: 6.29054054054054
2025-12-24 22:09:44,704 | INFO | Game 149 | Score: 7 | Record: 23
2025-12-24 22:09:44,704 | INFO | Mean Score: 6.295302013422819
2025-12-24 22:10:53,645 | INFO | Game 150 | Score: 9 | Record: 23
2025-12-24 22:10:53,645 | INFO | Mean Score: 6.3133333333333335
2025-12-24 22:10:53,771 | INFO | ----- Last 50 Games Summary -----
2025-12-24 22:10:53,771 | INFO | Mean score: 6.44
2025-12-24 22:10:53,771 | INFO | Zero-score games: 5
2025-12-24 22:10:53,771 | INFO | Memory size: 40000
2025-12-24 22:10:53,772 | INFO | ---------------------------------
2025-12-24 22:13:28,385 | INFO | Game 151 | Score: 14 | Record: 23
2025-12-24 22:13:28,385 | INFO | Mean Score: 6.364238410596027
2025-12-24 22:15:02,371 | INFO | Game 152 | Score: 14 | Record: 23
2025-12-24 22:15:02,371 | INFO | Mean Score: 6.4144736842105265
2025-12-24 22:16:24,286 | INFO | Game 153 | Score: 15 | Record: 23
2025-12-24 22:16:24,286 | INFO | Mean Score: 6.470588235294118
2025-12-24 22:18:06,096 | INFO | Game 154 | Score: 15 | Record: 23
2025-12-24 22:18:06,096 | INFO | Mean Score: 6.525974025974026
2025-12-24 22:18:09,633 | INFO | Game 155 | Score: 0 | Record: 23
2025-12-24 22:18:09,633 | INFO | Mean Score: 6.483870967741935
2025-12-24 22:18:12,873 | INFO | Game 156 | Score: 0 | Record: 23
2025-12-24 22:18:12,873 | INFO | Mean Score: 6.4423076923076925
2025-12-24 22:19:21,952 | INFO | Game 157 | Score: 13 | Record: 23
2025-12-24 22:19:21,953 | INFO | Mean Score: 6.484076433121019
2025-12-24 22:19:25,341 | INFO | Game 158 | Score: 1 | Record: 23
2025-12-24 22:19:25,341 | INFO | Mean Score: 6.449367088607595
2025-12-24 22:19:58,777 | INFO | Game 159 | Score: 3 | Record: 23
2025-12-24 22:19:58,777 | INFO | Mean Score: 6.427672955974843
2025-12-24 22:21:02,808 | INFO | Game 160 | Score: 12 | Record: 23
2025-12-24 22:21:02,808 | INFO | Mean Score: 6.4625
2025-12-24 22:21:26,288 | INFO | Game 161 | Score: 4 | Record: 23
2025-12-24 22:21:26,288 | INFO | Mean Score: 6.447204968944099
2025-12-24 22:22:02,662 | INFO | Game 162 | Score: 13 | Record: 23
2025-12-24 22:22:02,662 | INFO | Mean Score: 6.487654320987654
2025-12-24 22:23:14,345 | INFO | Game 163 | Score: 15 | Record: 23
2025-12-24 22:23:14,345 | INFO | Mean Score: 6.539877300613497
2025-12-24 22:23:45,400 | INFO | Game 164 | Score: 8 | Record: 23
2025-12-24 22:23:45,400 | INFO | Mean Score: 6.548780487804878
2025-12-24 22:23:48,961 | INFO | Game 165 | Score: 2 | Record: 23
2025-12-24 22:23:48,962 | INFO | Mean Score: 6.5212121212121215
2025-12-24 22:23:55,638 | INFO | Game 166 | Score: 3 | Record: 23
2025-12-24 22:23:55,639 | INFO | Mean Score: 6.5
2025-12-24 22:23:59,361 | INFO | Game 167 | Score: 2 | Record: 23
2025-12-24 22:23:59,361 | INFO | Mean Score: 6.473053892215569
2025-12-24 22:26:03,906 | INFO | Game 168 | Score: 19 | Record: 23
2025-12-24 22:26:03,906 | INFO | Mean Score: 6.5476190476190474
2025-12-24 22:26:55,089 | INFO | Game 169 | Score: 9 | Record: 23
2025-12-24 22:26:55,089 | INFO | Mean Score: 6.562130177514793
2025-12-24 22:30:28,580 | INFO | Game 171 | Score: 14 | Record: 23
2025-12-24 22:30:28,580 | INFO | Mean Score: 6.619883040935672
2025-12-24 22:31:54,870 | INFO | Game 172 | Score: 6 | Record: 23
2025-12-24 22:31:54,871 | INFO | Mean Score: 6.616279069767442
2025-12-24 22:31:58,550 | INFO | Game 173 | Score: 2 | Record: 23
2025-12-24 22:31:58,550 | INFO | Mean Score: 6.589595375722543
2025-12-24 22:33:19,348 | INFO | Game 174 | Score: 18 | Record: 23
2025-12-24 22:33:19,348 | INFO | Mean Score: 6.655172413793103
2025-12-24 22:33:23,104 | INFO | Game 175 | Score: 0 | Record: 23
2025-12-24 22:33:23,104 | INFO | Mean Score: 6.617142857142857
2025-12-24 22:33:27,202 | INFO | Game 176 | Score: 1 | Record: 23
2025-12-24 22:33:27,202 | INFO | Mean Score: 6.5852272727272725
2025-12-24 22:33:38,853 | INFO | Game 177 | Score: 3 | Record: 23
2025-12-24 22:33:38,853 | INFO | Mean Score: 6.564971751412429
2025-12-24 22:35:16,124 | INFO | Game 178 | Score: 7 | Record: 23
2025-12-24 22:35:16,124 | INFO | Mean Score: 6.567415730337078
2025-12-24 22:37:07,770 | INFO | Game 179 | Score: 10 | Record: 23
2025-12-24 22:37:07,771 | INFO | Mean Score: 6.58659217877095
2025-12-24 22:37:34,156 | INFO | Game 180 | Score: 5 | Record: 23
2025-12-24 22:37:34,156 | INFO | Mean Score: 6.5777777777777775
2025-12-24 22:37:49,957 | INFO | Game 181 | Score: 0 | Record: 23
2025-12-24 22:37:49,957 | INFO | Mean Score: 6.541436464088398
2025-12-24 22:37:53,949 | INFO | Game 182 | Score: 1 | Record: 23
2025-12-24 22:37:53,949 | INFO | Mean Score: 6.510989010989011
2025-12-24 22:37:57,476 | INFO | Game 183 | Score: 2 | Record: 23
2025-12-24 22:37:57,476 | INFO | Mean Score: 6.4863387978142075
2025-12-24 22:38:46,341 | INFO | Game 184 | Score: 10 | Record: 23
2025-12-24 22:38:46,341 | INFO | Mean Score: 6.505434782608695
2025-12-24 22:39:22,675 | INFO | Game 185 | Score: 8 | Record: 23
2025-12-24 22:39:22,675 | INFO | Mean Score: 6.513513513513513
2025-12-24 22:39:56,478 | INFO | Game 186 | Score: 3 | Record: 23
2025-12-24 22:39:56,479 | INFO | Mean Score: 6.494623655913978
2025-12-24 22:40:47,537 | INFO | Game 187 | Score: 11 | Record: 23
2025-12-24 22:40:47,537 | INFO | Mean Score: 6.518716577540107
2025-12-24 22:41:31,392 | INFO | Game 188 | Score: 10 | Record: 23
2025-12-24 22:41:31,392 | INFO | Mean Score: 6.537234042553192
2025-12-24 22:43:31,170 | INFO | Game 189 | Score: 15 | Record: 23
2025-12-24 22:43:31,171 | INFO | Mean Score: 6.582010582010582
2025-12-24 22:44:37,840 | INFO | Game 190 | Score: 6 | Record: 23
2025-12-24 22:44:37,840 | INFO | Mean Score: 6.578947368421052
2025-12-24 22:45:19,726 | INFO | Game 191 | Score: 10 | Record: 23
2025-12-24 22:45:19,726 | INFO | Mean Score: 6.596858638743456
2025-12-24 22:46:31,548 | INFO | Game 192 | Score: 9 | Record: 23
2025-12-24 22:46:31,548 | INFO | Mean Score: 6.609375
2025-12-24 22:46:37,444 | INFO | Game 193 | Score: 1 | Record: 23
2025-12-24 22:46:37,444 | INFO | Mean Score: 6.580310880829016
2025-12-24 22:47:58,828 | INFO | Game 194 | Score: 9 | Record: 23
2025-12-24 22:47:58,828 | INFO | Mean Score: 6.592783505154639
2025-12-24 22:48:27,513 | INFO | Game 195 | Score: 2 | Record: 23
2025-12-24 22:48:27,513 | INFO | Mean Score: 6.569230769230769
2025-12-24 22:48:38,248 | INFO | Game 196 | Score: 3 | Record: 23
2025-12-24 22:48:38,248 | INFO | Mean Score: 6.551020408163265
2025-12-24 22:48:41,802 | INFO | Game 197 | Score: 0 | Record: 23
2025-12-24 22:48:41,803 | INFO | Mean Score: 6.517766497461929
2025-12-24 22:51:22,804 | INFO | Game 198 | Score: 18 | Record: 23
2025-12-24 22:51:22,804 | INFO | Mean Score: 6.575757575757576
2025-12-24 22:51:56,737 | INFO | Game 199 | Score: 7 | Record: 23
2025-12-24 22:51:56,737 | INFO | Mean Score: 6.577889447236181
2025-12-24 22:53:08,182 | INFO | Game 200 | Score: 10 | Record: 23
2025-12-24 22:53:08,182 | INFO | Mean Score: 6.595
2025-12-24 22:53:08,312 | INFO | ----- Last 50 Games Summary -----
2025-12-24 22:53:08,312 | INFO | Mean score: 7.44
2025-12-24 22:53:08,312 | INFO | Zero-score games: 5
2025-12-24 22:53:08,312 | INFO | Memory size: 40000
2025-12-24 22:53:08,312 | INFO | ---------------------------------
2025-12-24 22:53:16,651 | INFO | Game 201 | Score: 2 | Record: 23
2025-12-24 22:53:16,651 | INFO | Mean Score: 6.5721393034825875
2025-12-24 22:53:46,239 | INFO | Game 202 | Score: 5 | Record: 23
2025-12-24 22:53:46,239 | INFO | Mean Score: 6.564356435643564
2025-12-24 22:54:07,558 | INFO | Game 203 | Score: 8 | Record: 23
2025-12-24 22:54:07,558 | INFO | Mean Score: 6.571428571428571
2025-12-24 22:54:48,797 | INFO | Game 204 | Score: 14 | Record: 23
2025-12-24 22:54:48,797 | INFO | Mean Score: 6.607843137254902
2025-12-24 22:55:42,569 | INFO | Game 205 | Score: 9 | Record: 23
2025-12-24 22:55:42,569 | INFO | Mean Score: 6.619512195121951
2025-12-24 22:58:55,291 | INFO | Game 206 | Score: 23 | Record: 23
2025-12-24 22:58:55,291 | INFO | Mean Score: 6.699029126213592
2025-12-24 22:59:03,666 | INFO | Game 207 | Score: 3 | Record: 23
2025-12-24 22:59:03,666 | INFO | Mean Score: 6.681159420289855
2025-12-24 22:59:34,893 | INFO | Game 208 | Score: 5 | Record: 23
2025-12-24 22:59:34,893 | INFO | Mean Score: 6.673076923076923
2025-12-24 22:59:38,565 | INFO | Game 209 | Score: 0 | Record: 23
2025-12-24 22:59:38,565 | INFO | Mean Score: 6.641148325358851
2025-12-24 23:00:09,896 | INFO | Game 210 | Score: 3 | Record: 23
2025-12-24 23:00:09,896 | INFO | Mean Score: 6.623809523809523
2025-12-24 23:01:26,552 | INFO | Game 211 | Score: 11 | Record: 23
2025-12-24 23:01:26,552 | INFO | Mean Score: 6.644549763033176
2025-12-24 23:01:34,997 | INFO | Game 212 | Score: 2 | Record: 23
2025-12-24 23:01:34,997 | INFO | Mean Score: 6.622641509433962
2025-12-24 23:04:21,857 | INFO | Game 213 | Score: 13 | Record: 23
2025-12-24 23:04:21,857 | INFO | Mean Score: 6.652582159624413
2025-12-24 23:05:40,887 | INFO | Game 214 | Score: 13 | Record: 23
2025-12-24 23:05:40,887 | INFO | Mean Score: 6.682242990654205
2025-12-24 23:08:03,070 | INFO | Game 215 | Score: 14 | Record: 23
2025-12-24 23:08:03,070 | INFO | Mean Score: 6.716279069767442
2025-12-24 23:08:16,695 | INFO | Game 216 | Score: 3 | Record: 23
2025-12-24 23:08:16,696 | INFO | Mean Score: 6.699074074074074
2025-12-24 23:08:35,331 | INFO | Game 217 | Score: 4 | Record: 23
2025-12-24 23:08:35,332 | INFO | Mean Score: 6.686635944700461
2025-12-24 23:10:09,609 | INFO | Game 218 | Score: 14 | Record: 23
2025-12-24 23:10:09,609 | INFO | Mean Score: 6.720183486238532
2025-12-24 23:10:45,883 | INFO | Game 219 | Score: 6 | Record: 23
2025-12-24 23:10:45,883 | INFO | Mean Score: 6.71689497716895
2025-12-24 23:11:14,501 | INFO | Game 220 | Score: 11 | Record: 23
2025-12-24 23:11:14,501 | INFO | Mean Score: 6.736363636363636
2025-12-24 23:11:28,294 | INFO | Game 221 | Score: 4 | Record: 23
2025-12-24 23:11:28,294 | INFO | Mean Score: 6.723981900452489
2025-12-24 23:12:32,414 | INFO | Game 222 | Score: 9 | Record: 23
2025-12-24 23:12:32,414 | INFO | Mean Score: 6.7342342342342345
